
=======================================================
SYNC SESSION: 2026-09-13T08:21:26.456004Z
New Workbooks Added: 23
Existing Workbooks Skipped: 0
Total Workbooks in Catalog: 23
-------------------------------------------------------
[NEW] Let's Draw the Birds Together - Extracted & Synced to database.
[NEW] Let's Draw the Sea Animals Together - Extracted & Synced to database.
[NEW] Let's Draw the Pet Animals Together - Extracted & Synced to database.
[NEW] Let's Draw & Learn Body Parts Together - Extracted & Synced to database.
[NEW] Make My Face — Cut, Create & Complete - Extracted & Synced to database.
[NEW] Count, Play & Learn Numbers 1–10 - Extracted & Synced to database.
[NEW] ABC Little Learner A–Z Activity Book - Extracted & Synced to database.
[NEW] My First Fine Motor Skill Tracing Workbook - Extracted & Synced to database.
[NEW] Little Hearts, Big Feelings: Emotional Learning - Extracted & Synced to database.
[NEW] My Curious World, Little Explorer - Extracted & Synced to database.
[NEW] Wildlife & Jungle Animal Drawing Workbook - Extracted & Synced to database.
[NEW] Learning Colors & Creative Shapes Workbook - Extracted & Synced to database.
[NEW] Fun with Fruits — Coloring & Learning Activity Book - Extracted & Synced to database.
[NEW] Daily Life Skills & Morning Routines for Kids - Extracted & Synced to database.
[NEW] Finish My Picture — Creative Symmetry & Visual Closure - Extracted & Synced to database.
[NEW] I Know My Good Manners! Everyday Conversations - Extracted & Synced to database.
[NEW] Learn Phonics & Letter Sounds for Confident Reading - Extracted & Synced to database.
[NEW] Little Detective — Language & Visual Discrimination - Extracted & Synced to database.
[NEW] Little Problem Solver — Logic, Sequencing & Puzzles - Extracted & Synced to database.
[NEW] Matching & Sorting Early Concept Preschool Workbook - Extracted & Synced to database.
[NEW] Shape Hunt — Learn, Trace & Spot Everyday Shapes - Extracted & Synced to database.
[NEW] Sweet Dreams, Little One — 4 Gentle Bedtime Stories - Extracted & Synced to database.
[NEW] Playful Kids Drawing & Creative Art Adventure - Extracted & Synced to database.
Status: COMPLETED_SUCCESSFULLY

=======================================================
SYNC SESSION: 2026-09-13T08:22:29.309755Z
New Workbooks Added: 23
Existing Workbooks Skipped: 0
Total Workbooks in Catalog: 23
-------------------------------------------------------
[NEW] Let's Draw the Birds Together - Extracted & Synced to database.
[NEW] Let's Draw the Sea Animals Together - Extracted & Synced to database.
[NEW] Let's Draw the Pet Animals Together - Extracted & Synced to database.
[NEW] Let's Draw & Learn Body Parts Together - Extracted & Synced to database.
[NEW] Make My Face — Cut, Create & Complete - Extracted & Synced to database.
[NEW] Count, Play & Learn Numbers 1–10 - Extracted & Synced to database.
[NEW] ABC Little Learner A–Z Activity Book - Extracted & Synced to database.
[NEW] My First Fine Motor Skill Tracing Workbook - Extracted & Synced to database.
[NEW] Little Hearts, Big Feelings: Emotional Learning - Extracted & Synced to database.
[NEW] My Curious World, Little Explorer - Extracted & Synced to database.
[NEW] Wildlife & Jungle Animal Drawing Workbook - Extracted & Synced to database.
[NEW] Learning Colors & Creative Shapes Workbook - Extracted & Synced to database.
[NEW] Fun with Fruits — Coloring & Learning Activity Book - Extracted & Synced to database.
[NEW] Daily Life Skills & Morning Routines for Kids - Extracted & Synced to database.
[NEW] Finish My Picture — Creative Symmetry & Visual Closure - Extracted & Synced to database.
[NEW] I Know My Good Manners! Everyday Conversations - Extracted & Synced to database.
[NEW] Learn Phonics & Letter Sounds for Confident Reading - Extracted & Synced to database.
[NEW] Little Detective — Language & Visual Discrimination - Extracted & Synced to database.
[NEW] Little Problem Solver — Logic, Sequencing & Puzzles - Extracted & Synced to database.
[NEW] Matching & Sorting Early Concept Preschool Workbook - Extracted & Synced to database.
[NEW] Shape Hunt — Learn, Trace & Spot Everyday Shapes - Extracted & Synced to database.
[NEW] Sweet Dreams, Little One — 4 Gentle Bedtime Stories - Extracted & Synced to database.
[NEW] Playful Kids Drawing & Creative Art Adventure - Extracted & Synced to database.
Status: COMPLETED_SUCCESSFULLY

=======================================================
SYNC SESSION: 2026-09-13T08:58:44.092Z
New Workbooks Added: 0
Existing Workbooks Skipped: 23
Total Workbooks in Catalog: 23
-------------------------------------------------------
[SKIP] Let's Draw the Birds Together - Verified in ledger.
[SKIP] Let's Draw the Sea Animals Together - Verified in ledger.
[SKIP] Let's Draw the Pet Animals Together - Verified in ledger.
[SKIP] Let's Draw & Learn Body Parts Together - Verified in ledger.
[SKIP] Make My Face — Cut, Create & Complete - Verified in ledger.
[SKIP] Count, Play & Learn Numbers 1–10 - Verified in ledger.
[SKIP] ABC Little Learner A–Z Activity Book - Verified in ledger.
[SKIP] My First Fine Motor Skill Tracing Workbook - Verified in ledger.
[SKIP] Little Hearts, Big Feelings: Emotional Learning - Verified in ledger.
[SKIP] My Curious World, Little Explorer - Verified in ledger.
[SKIP] Wildlife & Jungle Animal Drawing Workbook - Verified in ledger.
[SKIP] Learning Colors & Creative Shapes Workbook - Verified in ledger.
[SKIP] Fun with Fruits — Coloring & Learning Activity Book - Verified in ledger.
[SKIP] Daily Life Skills & Morning Routines for Kids - Verified in ledger.
[SKIP] Finish My Picture — Creative Symmetry & Visual Closure - Verified in ledger.
[SKIP] I Know My Good Manners! Everyday Conversations - Verified in ledger.
[SKIP] Learn Phonics & Letter Sounds for Confident Reading - Verified in ledger.
[SKIP] Little Detective — Language & Visual Discrimination - Verified in ledger.
[SKIP] Little Problem Solver — Logic, Sequencing & Puzzles - Verified in ledger.
[SKIP] Matching & Sorting Early Concept Preschool Workbook - Verified in ledger.
[SKIP] Shape Hunt — Learn, Trace & Spot Everyday Shapes - Verified in ledger.
[SKIP] Sweet Dreams, Little One — 4 Gentle Bedtime Stories - Verified in ledger.
[SKIP] Playful Kids Drawing & Creative Art Adventure - Verified in ledger.
Status: COMPLETED_SUCCESSFULLY


=======================================================
SYNC SESSION: 2026-09-13T09:07:49.569Z
New Workbooks Added: 0
Existing Workbooks Skipped: 23
Total Workbooks in Catalog: 23
-------------------------------------------------------
[SKIP] Let's Draw the Birds Together - Verified in ledger.
[SKIP] Let's Draw the Sea Animals Together - Verified in ledger.
[SKIP] Let's Draw the Pet Animals Together - Verified in ledger.
[SKIP] Let's Draw & Learn Body Parts Together - Verified in ledger.
[SKIP] Make My Face — Cut, Create & Complete - Verified in ledger.
[SKIP] Count, Play & Learn Numbers 1–10 - Verified in ledger.
[SKIP] ABC Little Learner A–Z Activity Book - Verified in ledger.
[SKIP] My First Fine Motor Skill Tracing Workbook - Verified in ledger.
[SKIP] Little Hearts, Big Feelings: Emotional Learning - Verified in ledger.
[SKIP] My Curious World, Little Explorer - Verified in ledger.
[SKIP] Wildlife & Jungle Animal Drawing Workbook - Verified in ledger.
[SKIP] Learning Colors & Creative Shapes Workbook - Verified in ledger.
[SKIP] Fun with Fruits — Coloring & Learning Activity Book - Verified in ledger.
[SKIP] Daily Life Skills & Morning Routines for Kids - Verified in ledger.
[SKIP] Finish My Picture — Creative Symmetry & Visual Closure - Verified in ledger.
[SKIP] I Know My Good Manners! Everyday Conversations - Verified in ledger.
[SKIP] Learn Phonics & Letter Sounds for Confident Reading - Verified in ledger.
[SKIP] Little Detective — Language & Visual Discrimination - Verified in ledger.
[SKIP] Little Problem Solver — Logic, Sequencing & Puzzles - Verified in ledger.
[SKIP] Matching & Sorting Early Concept Preschool Workbook - Verified in ledger.
[SKIP] Shape Hunt — Learn, Trace & Spot Everyday Shapes - Verified in ledger.
[SKIP] Sweet Dreams, Little One — 4 Gentle Bedtime Stories - Verified in ledger.
[SKIP] Playful Kids Drawing & Creative Art Adventure - Verified in ledger.
Status: COMPLETED_SUCCESSFULLY

